   Compiling proc-macro2 v1.0.107
   Compiling autocfg v1.5.1
   Compiling quote v1.0.47
   Compiling unicode-ident v1.0.24
   Compiling serde_core v1.0.229
   Compiling zmij v1.0.23
   Compiling serde_json v1.0.151
   Compiling serde v1.0.229
    Checking itoa v1.0.18
    Checking memchr v2.8.3
   Compiling num-traits v0.2.19
   Compiling syn v3.0.5
    Checking num-integer v0.1.47
    Checking num-bigint v0.4.8
   Compiling serde_derive v1.0.229
    Checking dataorder v0.3.0 (/private/var/folders/yk/80l5wp3n6t503bfxg_vlsz8w0000gn/T/dataorder-float-audit-cy5syigv)
warning: unused import: `Expansion`
  --> examples/../float-direct/interleave/profile.rs:12:31
   |
12 | use crate::sum::{Compensated, Expansion};
   |                               ^^^^^^^^^
   |
   = note: `#[warn(unused_imports)]` (part of `#[warn(unused)]`) on by default

warning: `dataorder` (example "direct_build_final") generated 1 warning (run `cargo fix --example "direct_build_final" -p dataorder` to apply 1 suggestion)
    Finished `dev` profile [unoptimized + debuginfo] target(s) in 6.33s
