.cargo_vcs_info.json
.gitignore
CHANGELOG.md
Cargo.lock
Cargo.toml
Cargo.toml.orig
LICENSE-APACHE
LICENSE-MIT
README.md
examples/bench.rs
examples/bench_campaign.rs
examples/checkpoint.rs
examples/demo.rs
examples/support/build_provenance.rs
examples/support/measurements.rs
examples/support/process/windows.rs
examples/support/process.rs
rustfmt.toml
src/bounds.rs
src/cursor.rs
src/error.rs
src/interleave/iter.rs
src/interleave/mod.rs
src/interleave/profile.rs
src/interleave/sampling.rs
src/interleave/tests.rs
src/interleave/tournament.rs
src/lib.rs
src/order.rs
src/perm.rs
src/preparation.rs
src/seq.rs
src/source.rs
src/sum.rs
src/tests.rs
src/weight.rs
tests/api.rs
tests/cost.rs
tests/cursor_state.rs
tests/fixtures/generate_schedule_oracle.py
tests/fixtures/generate_weight_oracle.py
tests/fixtures/large_orders.txt
tests/fixtures/schedule_oracle.json
tests/fixtures/weight_oracle.txt
tests/golden.rs
tests/large_golden.rs
tests/regressions.rs
tests/review_fixes.rs
tests/schedule_oracle.rs
